[   21210ms] [ERROR] Failed to load resource: net::ERR_INTERNET_DISCONNECTED @ https://firestore.googleapis.com/google.firestore.v1.Firestore/Listen/channel?VER=8&database=projects%2Fharunoa-4cb92%2Fdatabases%2F(default)&gsessionid=AnlowuGf_YEnXX7yvpIbpsI-unbiGNN9XBfLKh0IMYdi8DVEXovFPg&SID=wh1-mIrmkD9yvMZwmxNYnQ&RID=39065&TYPE=terminate&zx=adpvykvln27s:0
[   27361ms] [ERROR] Failed to load resource: net::ERR_INTERNET_DISCONNECTED @ https://firestore.googleapis.com/google.firestore.v1.Firestore/Listen/channel?VER=8&database=projects%2Fharunoa-4cb92%2Fdatabases%2F(default)&RID=10472&CVER=22&X-HTTP-Session-Id=gsessionid&zx=94hgecgbkgzr&t=1:0
[   27363ms] [WARNING] [2026-02-05T17:05:14.750Z]  @firebase/firestore: Firestore (12.8.0): WebChannelConnection RPC 'Listen' stream 0x1c3b9149 transport errored. Name: undefined Message: undefined @ https://harunoa-prototype.vercel.app/_next/static/chunks/111-400bcc7f1e8fd93b.js:14
[   27364ms] [ERROR] Failed to load resource: net::ERR_INTERNET_DISCONNECTED @ https://www.google.com/images/cleardot.gif?zx=28hvqebbb90h:0
[  124376ms] [ERROR] Failed to load resource: the server responded with a status of 500 (Internal Server Error) @ https://firestore.googleapis.com/google.firestore.v1.Firestore/Write/channel?VER=8&database=projects%2Fharunoa-4cb92%2Fdatabases%2F(default)&RID=21581&CVER=22&X-HTTP-Session-Id=gsessionid&zx=fenkebdk0pp3&t=1:0
[  124378ms] [WARNING] [2026-02-05T17:06:51.765Z]  @firebase/firestore: Firestore (12.8.0): WebChannelConnection RPC 'Write' stream 0x1c3b914b transport errored. Name: undefined Message: undefined @ https://harunoa-prototype.vercel.app/_next/static/chunks/111-400bcc7f1e8fd93b.js:14
[  124384ms] [ERROR] Failed to load resource: the server responded with a status of 500 (Internal Server Error) @ https://firestore.googleapis.com/google.firestore.v1.Firestore/Write/channel?VER=8&database=projects%2Fharunoa-4cb92%2Fdatabases%2F(default)&RID=25656&CVER=22&X-HTTP-Session-Id=gsessionid&zx=nsmnw1rn9ajd&t=1:0
[  124385ms] [WARNING] [2026-02-05T17:06:51.772Z]  @firebase/firestore: Firestore (12.8.0): WebChannelConnection RPC 'Write' stream 0x1c3b914c transport errored. Name: undefined Message: undefined @ https://harunoa-prototype.vercel.app/_next/static/chunks/111-400bcc7f1e8fd93b.js:14
[  125750ms] [ERROR] Failed to load resource: the server responded with a status of 500 (Internal Server Error) @ https://firestore.googleapis.com/google.firestore.v1.Firestore/Write/channel?VER=8&database=projects%2Fharunoa-4cb92%2Fdatabases%2F(default)&RID=31827&CVER=22&X-HTTP-Session-Id=gsessionid&zx=c60cv75at0z&t=1:0
[  125750ms] [WARNING] [2026-02-05T17:06:53.138Z]  @firebase/firestore: Firestore (12.8.0): WebChannelConnection RPC 'Write' stream 0x1c3b914d transport errored. Name: undefined Message: undefined @ https://harunoa-prototype.vercel.app/_next/static/chunks/111-400bcc7f1e8fd93b.js:14
[  126603ms] [ERROR] Failed to load resource: the server responded with a status of 500 (Internal Server Error) @ https://firestore.googleapis.com/google.firestore.v1.Firestore/Write/channel?VER=8&database=projects%2Fharunoa-4cb92%2Fdatabases%2F(default)&RID=11116&CVER=22&X-HTTP-Session-Id=gsessionid&zx=tir5n29ib891&t=1:0
[  126604ms] [WARNING] [2026-02-05T17:06:53.992Z]  @firebase/firestore: Firestore (12.8.0): WebChannelConnection RPC 'Write' stream 0x1c3b914e transport errored. Name: undefined Message: undefined @ https://harunoa-prototype.vercel.app/_next/static/chunks/111-400bcc7f1e8fd93b.js:14
[  128462ms] [ERROR] Failed to load resource: the server responded with a status of 500 (Internal Server Error) @ https://firestore.googleapis.com/google.firestore.v1.Firestore/Write/channel?VER=8&database=projects%2Fharunoa-4cb92%2Fdatabases%2F(default)&RID=23108&CVER=22&X-HTTP-Session-Id=gsessionid&zx=9210sdmxonb0&t=1:0
[  128463ms] [WARNING] [2026-02-05T17:06:55.851Z]  @firebase/firestore: Firestore (12.8.0): WebChannelConnection RPC 'Write' stream 0x1c3b914f transport errored. Name: undefined Message: undefined @ https://harunoa-prototype.vercel.app/_next/static/chunks/111-400bcc7f1e8fd93b.js:14
[  130647ms] [ERROR] Failed to load resource: the server responded with a status of 500 (Internal Server Error) @ https://firestore.googleapis.com/google.firestore.v1.Firestore/Write/channel?VER=8&database=projects%2Fharunoa-4cb92%2Fdatabases%2F(default)&RID=36004&CVER=22&X-HTTP-Session-Id=gsessionid&zx=c8wn1ao0yaii&t=1:0
[  130648ms] [WARNING] [2026-02-05T17:06:58.036Z]  @firebase/firestore: Firestore (12.8.0): WebChannelConnection RPC 'Write' stream 0x1c3b9150 transport errored. Name: undefined Message: undefined @ https://harunoa-prototype.vercel.app/_next/static/chunks/111-400bcc7f1e8fd93b.js:14
[  136554ms] [ERROR] Failed to load resource: the server responded with a status of 500 (Internal Server Error) @ https://firestore.googleapis.com/google.firestore.v1.Firestore/Write/channel?VER=8&database=projects%2Fharunoa-4cb92%2Fdatabases%2F(default)&RID=78196&CVER=22&X-HTTP-Session-Id=gsessionid&zx=uhnq2oxu8q94&t=1:0
[  136555ms] [WARNING] [2026-02-05T17:07:03.943Z]  @firebase/firestore: Firestore (12.8.0): WebChannelConnection RPC 'Write' stream 0x1c3b9151 transport errored. Name: undefined Message: undefined @ https://harunoa-prototype.vercel.app/_next/static/chunks/111-400bcc7f1e8fd93b.js:14
[  147288ms] [ERROR] Failed to load resource: the server responded with a status of 500 (Internal Server Error) @ https://firestore.googleapis.com/google.firestore.v1.Firestore/Write/channel?VER=8&database=projects%2Fharunoa-4cb92%2Fdatabases%2F(default)&RID=44688&CVER=22&X-HTTP-Session-Id=gsessionid&zx=u3wxxq5omovy&t=1:0
[  147288ms] [WARNING] [2026-02-05T17:07:14.676Z]  @firebase/firestore: Firestore (12.8.0): WebChannelConnection RPC 'Write' stream 0x1c3b9152 transport errored. Name: undefined Message: undefined @ https://harunoa-prototype.vercel.app/_next/static/chunks/111-400bcc7f1e8fd93b.js:14
